src/DocumentNode.ts(53,13): error TS6133: 'isContextPropagating' is declared but its value is never read.
src/main.ts(149,15): error TS6133: 'eventManager' is declared but its value is never read.
src/ProjectUtils.ts(64,10): error TS6133: 'countNodes' is declared but its value is never read.
src/services/PromptContextBuilder.ts(2,1): error TS6133: 'ProjectManager' is declared but its value is never read.
src/services/PromptExpansionService.ts(136,23): error TS6133: 'placeholder' is declared but its value is never read.
src/services/PromptExpansionService.ts(171,23): error TS6133: 'placeholder' is declared but its value is never read.
src/services/PromptExpansionService.ts(457,50): error TS6133: 'context' is declared but its value is never read.
src/services/PromptExpansionService.ts(462,56): error TS6133: 'context' is declared but its value is never read.
src/services/PromptExpansionService.ts(647,55): error TS6133: 'context' is declared but its value is never read.
src/services/PromptExpansionService.ts(672,56): error TS6133: 'context' is declared but its value is never read.
src/services/PromptExpansionService.ts(687,59): error TS6133: 'context' is declared but its value is never read.
src/services/PromptExpansionService.ts(701,57): error TS6133: 'context' is declared but its value is never read.
src/services/PromptExpansionService.ts(1012,23): error TS6133: 'rejectOnce' is declared but its value is never read.
src/ui/components/RatingsRenderer.ts(102,36): error TS6133: 'title' is declared but its value is never read.
src/ui/modals/NodeInspectorModal.ts(396,7): error TS6196: 'NodeInspectorModel' is declared but never used.
src/ui/modals/NodeInspectorModal.ts(446,7): error TS6196: 'NodeInspectorView' is declared but never used.
src/ui/modals/NodeInspectorModal.ts(448,13): error TS6133: 'layoutManager' is declared but its value is never read.
src/ui/modals/NodeInspectorModal.ts(451,13): error TS6133: 'eventBus' is declared but its value is never read.
src/ui/modals/TagManagerModal.ts(4,34): error TS6133: 'getAllDescendants' is declared but its value is never read.
src/ui/modals/TagManagerModal.ts(4,53): error TS6133: 'TagAnalysis' is declared but its value is never read.
src/ui/project-ui.ts(2691,15): error TS6133: 'languageSelector' is declared but its value is never read.
